221.6.40.150 - - [04/Jun/2017:11:26:00 +0800] "GET / HTTP/1.1" 404 233 "-" "Mozilla/5.0 (Windows NT 10.0; Win64; x64) AppleWebKit/537.36 (KHTML, like Gecko) Chrome/56.0.2924.87 Safari/537.36"
221.6.40.150 - - [04/Jun/2017:11:26:00 +0800] "GET /favicon.ico HTTP/1.1" 404 233 "http://111.231.22.133/" "Mozilla/5.0 (Windows NT 10.0; Win64; x64) AppleWebKit/537.36 (KHTML, like Gecko) Chrome/56.0.2924.87 Safari/537.36"
221.6.40.150 - - [04/Jun/2017:11:26:02 +0800] "GET /test HTTP/1.1" 200 1333 "-" "Mozilla/5.0 (Windows NT 10.0; Win64; x64) AppleWebKit/537.36 (KHTML, like Gecko) Chrome/56.0.2924.87 Safari/537.36"
221.6.40.150 - - [04/Jun/2017:11:26:02 +0800] "GET /static/jquery.min.js HTTP/1.1" 200 83135 "http://111.231.22.133/test" "Mozilla/5.0 (Windows NT 10.0; Win64; x64) AppleWebKit/537.36 (KHTML, like Gecko) Chrome/56.0.2924.87 Safari/537.36"
221.6.40.150 - - [04/Jun/2017:11:26:02 +0800] "POST /login HTTP/1.1" 500 291 "http://111.231.22.133/test" "Mozilla/5.0 (Windows NT 10.0; Win64; x64) AppleWebKit/537.36 (KHTML, like Gecko) Chrome/56.0.2924.87 Safari/537.36"
221.6.40.150 - - [04/Jun/2017:11:34:47 +0800] "GET /test HTTP/1.1" 200 1333 "-" "Mozilla/5.0 (Windows NT 10.0; Win64; x64) AppleWebKit/537.36 (KHTML, like Gecko) Chrome/56.0.2924.87 Safari/537.36"
221.6.40.150 - - [04/Jun/2017:11:34:47 +0800] "POST /login HTTP/1.1" 200 44 "http://111.231.22.133/test" "Mozilla/5.0 (Windows NT 10.0; Win64; x64) AppleWebKit/537.36 (KHTML, like Gecko) Chrome/56.0.2924.87 Safari/537.36"
221.6.40.150 - - [04/Jun/2017:11:34:47 +0800] "GET /getAllCourseInfo HTTP/1.1" 200 2003 "http://111.231.22.133/test" "Mozilla/5.0 (Windows NT 10.0; Win64; x64) AppleWebKit/537.36 (KHTML, like Gecko) Chrome/56.0.2924.87 Safari/537.36"
221.6.40.150 - - [04/Jun/2017:11:34:47 +0800] "GET /getCourseInfo HTTP/1.1" 200 1036 "http://111.231.22.133/test" "Mozilla/5.0 (Windows NT 10.0; Win64; x64) AppleWebKit/537.36 (KHTML, like Gecko) Chrome/56.0.2924.87 Safari/537.36"
221.6.40.150 - - [04/Jun/2017:11:34:47 +0800] "POST /selectCourse HTTP/1.1" 200 54 "http://111.231.22.133/test" "Mozilla/5.0 (Windows NT 10.0; Win64; x64) AppleWebKit/537.36 (KHTML, like Gecko) Chrome/56.0.2924.87 Safari/537.36"
221.6.40.150 - - [04/Jun/2017:11:34:47 +0800] "POST /quitCourse HTTP/1.1" 200 53 "http://111.231.22.133/test" "Mozilla/5.0 (Windows NT 10.0; Win64; x64) AppleWebKit/537.36 (KHTML, like Gecko) Chrome/56.0.2924.87 Safari/537.36"
221.6.40.150 - - [04/Jun/2017:11:36:28 +0800] "GET /getAllCourse HTTP/1.1" 404 233 "-" "Mozilla/5.0 (Windows NT 10.0; Win64; x64) AppleWebKit/537.36 (KHTML, like Gecko) Chrome/56.0.2924.87 Safari/537.36"
221.6.40.150 - - [04/Jun/2017:11:36:31 +0800] "GET /getAllCourses HTTP/1.1" 404 233 "-" "Mozilla/5.0 (Windows NT 10.0; Win64; x64) AppleWebKit/537.36 (KHTML, like Gecko) Chrome/56.0.2924.87 Safari/537.36"
221.6.40.150 - - [04/Jun/2017:11:36:38 +0800] "GET /tst HTTP/1.1" 404 233 "-" "Mozilla/5.0 (Windows NT 10.0; Win64; x64) AppleWebKit/537.36 (KHTML, like Gecko) Chrome/56.0.2924.87 Safari/537.36"
221.6.40.150 - - [04/Jun/2017:11:36:42 +0800] "GET /test HTTP/1.1" 200 1333 "-" "Mozilla/5.0 (Windows NT 10.0; Win64; x64) AppleWebKit/537.36 (KHTML, like Gecko) Chrome/56.0.2924.87 Safari/537.36"
221.6.40.150 - - [04/Jun/2017:11:36:43 +0800] "POST /login HTTP/1.1" 500 291 "http://111.231.22.133/test" "Mozilla/5.0 (Windows NT 10.0; Win64; x64) AppleWebKit/537.36 (KHTML, like Gecko) Chrome/56.0.2924.87 Safari/537.36"
221.6.40.150 - - [04/Jun/2017:11:38:45 +0800] "GET /test HTTP/1.1" 200 1333 "-" "Mozilla/5.0 (Windows NT 10.0; Win64; x64) AppleWebKit/537.36 (KHTML, like Gecko) Chrome/56.0.2924.87 Safari/537.36"
221.6.40.150 - - [04/Jun/2017:11:38:45 +0800] "POST /login HTTP/1.1" 200 44 "http://111.231.22.133/test" "Mozilla/5.0 (Windows NT 10.0; Win64; x64) AppleWebKit/537.36 (KHTML, like Gecko) Chrome/56.0.2924.87 Safari/537.36"
221.6.40.150 - - [04/Jun/2017:11:38:45 +0800] "GET /getAllCourseInfo HTTP/1.1" 200 2003 "http://111.231.22.133/test" "Mozilla/5.0 (Windows NT 10.0; Win64; x64) AppleWebKit/537.36 (KHTML, like Gecko) Chrome/56.0.2924.87 Safari/537.36"
221.6.40.150 - - [04/Jun/2017:11:38:45 +0800] "GET /getCourseInfo HTTP/1.1" 200 852 "http://111.231.22.133/test" "Mozilla/5.0 (Windows NT 10.0; Win64; x64) AppleWebKit/537.36 (KHTML, like Gecko) Chrome/56.0.2924.87 Safari/537.36"
221.6.40.150 - - [04/Jun/2017:11:38:45 +0800] "POST /selectCourse HTTP/1.1" 200 53 "http://111.231.22.133/test" "Mozilla/5.0 (Windows NT 10.0; Win64; x64) AppleWebKit/537.36 (KHTML, like Gecko) Chrome/56.0.2924.87 Safari/537.36"
221.6.40.150 - - [04/Jun/2017:11:38:45 +0800] "POST /quitCourse HTTP/1.1" 500 291 "http://111.231.22.133/test" "Mozilla/5.0 (Windows NT 10.0; Win64; x64) AppleWebKit/537.36 (KHTML, like Gecko) Chrome/56.0.2924.87 Safari/537.36"
221.6.40.150 - - [04/Jun/2017:11:42:38 +0800] "GET /test HTTP/1.1" 200 1333 "-" "Mozilla/5.0 (Windows NT 10.0; Win64; x64) AppleWebKit/537.36 (KHTML, like Gecko) Chrome/56.0.2924.87 Safari/537.36"
221.6.40.150 - - [04/Jun/2017:11:42:38 +0800] "POST /login HTTP/1.1" 200 44 "http://111.231.22.133/test" "Mozilla/5.0 (Windows NT 10.0; Win64; x64) AppleWebKit/537.36 (KHTML, like Gecko) Chrome/56.0.2924.87 Safari/537.36"
221.6.40.150 - - [04/Jun/2017:11:42:38 +0800] "GET /getAllCourseInfo HTTP/1.1" 200 2003 "http://111.231.22.133/test" "Mozilla/5.0 (Windows NT 10.0; Win64; x64) AppleWebKit/537.36 (KHTML, like Gecko) Chrome/56.0.2924.87 Safari/537.36"
221.6.40.150 - - [04/Jun/2017:11:42:38 +0800] "GET /getCourseInfo HTTP/1.1" 200 1036 "http://111.231.22.133/test" "Mozilla/5.0 (Windows NT 10.0; Win64; x64) AppleWebKit/537.36 (KHTML, like Gecko) Chrome/56.0.2924.87 Safari/537.36"
221.6.40.150 - - [04/Jun/2017:11:42:38 +0800] "POST /quitCourse HTTP/1.1" 200 53 "http://111.231.22.133/test" "Mozilla/5.0 (Windows NT 10.0; Win64; x64) AppleWebKit/537.36 (KHTML, like Gecko) Chrome/56.0.2924.87 Safari/537.36"
221.6.40.150 - - [04/Jun/2017:11:42:38 +0800] "POST /selectCourse HTTP/1.1" 200 53 "http://111.231.22.133/test" "Mozilla/5.0 (Windows NT 10.0; Win64; x64) AppleWebKit/537.36 (KHTML, like Gecko) Chrome/56.0.2924.87 Safari/537.36"
221.6.40.150 - - [04/Jun/2017:11:42:45 +0800] "GET /getAllCourse HTTP/1.1" 404 233 "-" "Mozilla/5.0 (Windows NT 10.0; Win64; x64) AppleWebKit/537.36 (KHTML, like Gecko) Chrome/56.0.2924.87 Safari/537.36"
221.6.40.150 - - [04/Jun/2017:11:42:56 +0800] "GET /getAllCourses HTTP/1.1" 404 233 "-" "Mozilla/5.0 (Windows NT 10.0; Win64; x64) AppleWebKit/537.36 (KHTML, like Gecko) Chrome/56.0.2924.87 Safari/537.36"
221.6.40.150 - - [04/Jun/2017:11:42:59 +0800] "GET /test HTTP/1.1" 200 1333 "-" "Mozilla/5.0 (Windows NT 10.0; Win64; x64) AppleWebKit/537.36 (KHTML, like Gecko) Chrome/56.0.2924.87 Safari/537.36"
221.6.40.150 - - [04/Jun/2017:11:42:59 +0800] "POST /login HTTP/1.1" 200 44 "http://111.231.22.133/test" "Mozilla/5.0 (Windows NT 10.0; Win64; x64) AppleWebKit/537.36 (KHTML, like Gecko) Chrome/56.0.2924.87 Safari/537.36"
221.6.40.150 - - [04/Jun/2017:11:42:59 +0800] "GET /getAllCourseInfo HTTP/1.1" 200 2003 "http://111.231.22.133/test" "Mozilla/5.0 (Windows NT 10.0; Win64; x64) AppleWebKit/537.36 (KHTML, like Gecko) Chrome/56.0.2924.87 Safari/537.36"
221.6.40.150 - - [04/Jun/2017:11:42:59 +0800] "GET /getCourseInfo HTTP/1.1" 200 1036 "http://111.231.22.133/test" "Mozilla/5.0 (Windows NT 10.0; Win64; x64) AppleWebKit/537.36 (KHTML, like Gecko) Chrome/56.0.2924.87 Safari/537.36"
221.6.40.150 - - [04/Jun/2017:11:42:59 +0800] "POST /selectCourse HTTP/1.1" 200 54 "http://111.231.22.133/test" "Mozilla/5.0 (Windows NT 10.0; Win64; x64) AppleWebKit/537.36 (KHTML, like Gecko) Chrome/56.0.2924.87 Safari/537.36"
221.6.40.150 - - [04/Jun/2017:11:42:59 +0800] "POST /quitCourse HTTP/1.1" 200 53 "http://111.231.22.133/test" "Mozilla/5.0 (Windows NT 10.0; Win64; x64) AppleWebKit/537.36 (KHTML, like Gecko) Chrome/56.0.2924.87 Safari/537.36"
221.6.40.150 - - [04/Jun/2017:11:45:37 +0800] "GET /test HTTP/1.1" 200 1333 "-" "Mozilla/5.0 (Windows NT 10.0; Win64; x64) AppleWebKit/537.36 (KHTML, like Gecko) Chrome/56.0.2924.87 Safari/537.36"
221.6.40.150 - - [04/Jun/2017:11:45:37 +0800] "POST /login HTTP/1.1" 200 44 "http://111.231.22.133/test" "Mozilla/5.0 (Windows NT 10.0; Win64; x64) AppleWebKit/537.36 (KHTML, like Gecko) Chrome/56.0.2924.87 Safari/537.36"
221.6.40.150 - - [04/Jun/2017:11:45:37 +0800] "GET /getAllCourseInfo HTTP/1.1" 200 2003 "http://111.231.22.133/test" "Mozilla/5.0 (Windows NT 10.0; Win64; x64) AppleWebKit/537.36 (KHTML, like Gecko) Chrome/56.0.2924.87 Safari/537.36"
221.6.40.150 - - [04/Jun/2017:11:45:37 +0800] "GET /getCourseInfo HTTP/1.1" 200 852 "http://111.231.22.133/test" "Mozilla/5.0 (Windows NT 10.0; Win64; x64) AppleWebKit/537.36 (KHTML, like Gecko) Chrome/56.0.2924.87 Safari/537.36"
221.6.40.150 - - [04/Jun/2017:11:45:37 +0800] "POST /selectCourse HTTP/1.1" 200 53 "http://111.231.22.133/test" "Mozilla/5.0 (Windows NT 10.0; Win64; x64) AppleWebKit/537.36 (KHTML, like Gecko) Chrome/56.0.2924.87 Safari/537.36"
221.6.40.150 - - [04/Jun/2017:11:45:38 +0800] "POST /quitCourse HTTP/1.1" 200 53 "http://111.231.22.133/test" "Mozilla/5.0 (Windows NT 10.0; Win64; x64) AppleWebKit/537.36 (KHTML, like Gecko) Chrome/56.0.2924.87 Safari/537.36"
221.6.40.150 - - [04/Jun/2017:11:45:41 +0800] "GET /test HTTP/1.1" 200 1333 "-" "Mozilla/5.0 (Windows NT 10.0; Win64; x64) AppleWebKit/537.36 (KHTML, like Gecko) Chrome/56.0.2924.87 Safari/537.36"
221.6.40.150 - - [04/Jun/2017:11:45:41 +0800] "POST /login HTTP/1.1" 200 44 "http://111.231.22.133/test" "Mozilla/5.0 (Windows NT 10.0; Win64; x64) AppleWebKit/537.36 (KHTML, like Gecko) Chrome/56.0.2924.87 Safari/537.36"
221.6.40.150 - - [04/Jun/2017:11:45:41 +0800] "GET /getAllCourseInfo HTTP/1.1" 200 2003 "http://111.231.22.133/test" "Mozilla/5.0 (Windows NT 10.0; Win64; x64) AppleWebKit/537.36 (KHTML, like Gecko) Chrome/56.0.2924.87 Safari/537.36"
221.6.40.150 - - [04/Jun/2017:11:45:41 +0800] "POST /selectCourse HTTP/1.1" 200 53 "http://111.231.22.133/test" "Mozilla/5.0 (Windows NT 10.0; Win64; x64) AppleWebKit/537.36 (KHTML, like Gecko) Chrome/56.0.2924.87 Safari/537.36"
221.6.40.150 - - [04/Jun/2017:11:45:41 +0800] "GET /getCourseInfo HTTP/1.1" 200 1036 "http://111.231.22.133/test" "Mozilla/5.0 (Windows NT 10.0; Win64; x64) AppleWebKit/537.36 (KHTML, like Gecko) Chrome/56.0.2924.87 Safari/537.36"
221.6.40.150 - - [04/Jun/2017:11:45:41 +0800] "POST /quitCourse HTTP/1.1" 200 53 "http://111.231.22.133/test" "Mozilla/5.0 (Windows NT 10.0; Win64; x64) AppleWebKit/537.36 (KHTML, like Gecko) Chrome/56.0.2924.87 Safari/537.36"
221.6.40.150 - - [04/Jun/2017:12:04:22 +0800] "GET /test HTTP/1.1" 200 1333 "-" "Mozilla/5.0 (Windows NT 10.0; Win64; x64) AppleWebKit/537.36 (KHTML, like Gecko) Chrome/56.0.2924.87 Safari/537.36"
221.6.40.150 - - [04/Jun/2017:12:04:22 +0800] "POST /login HTTP/1.1" 200 44 "http://111.231.22.133/test" "Mozilla/5.0 (Windows NT 10.0; Win64; x64) AppleWebKit/537.36 (KHTML, like Gecko) Chrome/56.0.2924.87 Safari/537.36"
221.6.40.150 - - [04/Jun/2017:12:04:22 +0800] "GET /getAllCourseInfo HTTP/1.1" 200 2003 "http://111.231.22.133/test" "Mozilla/5.0 (Windows NT 10.0; Win64; x64) AppleWebKit/537.36 (KHTML, like Gecko) Chrome/56.0.2924.87 Safari/537.36"
221.6.40.150 - - [04/Jun/2017:12:04:22 +0800] "GET /getCourseInfo HTTP/1.1" 200 852 "http://111.231.22.133/test" "Mozilla/5.0 (Windows NT 10.0; Win64; x64) AppleWebKit/537.36 (KHTML, like Gecko) Chrome/56.0.2924.87 Safari/537.36"
221.6.40.150 - - [04/Jun/2017:12:04:22 +0800] "POST /quitCourse HTTP/1.1" 200 54 "http://111.231.22.133/test" "Mozilla/5.0 (Windows NT 10.0; Win64; x64) AppleWebKit/537.36 (KHTML, like Gecko) Chrome/56.0.2924.87 Safari/537.36"
221.6.40.150 - - [04/Jun/2017:12:04:22 +0800] "POST /selectCourse HTTP/1.1" 500 291 "http://111.231.22.133/test" "Mozilla/5.0 (Windows NT 10.0; Win64; x64) AppleWebKit/537.36 (KHTML, like Gecko) Chrome/56.0.2924.87 Safari/537.36"
221.6.40.150 - - [04/Jun/2017:12:04:50 +0800] "GET /test HTTP/1.1" 200 1333 "-" "Mozilla/5.0 (Windows NT 6.3; WOW64) AppleWebKit/537.36 (KHTML, like Gecko) Chrome/56.0.2924.87 Safari/537.36"
221.6.40.150 - - [04/Jun/2017:12:04:50 +0800] "GET /static/jquery.min.js HTTP/1.1" 200 83135 "http://111.231.22.133/test" "Mozilla/5.0 (Windows NT 6.3; WOW64) AppleWebKit/537.36 (KHTML, like Gecko) Chrome/56.0.2924.87 Safari/537.36"
221.6.40.150 - - [04/Jun/2017:12:04:51 +0800] "POST /login HTTP/1.1" 200 44 "http://111.231.22.133/test" "Mozilla/5.0 (Windows NT 6.3; WOW64) AppleWebKit/537.36 (KHTML, like Gecko) Chrome/56.0.2924.87 Safari/537.36"
221.6.40.150 - - [04/Jun/2017:12:04:51 +0800] "GET /getAllCourseInfo HTTP/1.1" 200 2003 "http://111.231.22.133/test" "Mozilla/5.0 (Windows NT 6.3; WOW64) AppleWebKit/537.36 (KHTML, like Gecko) Chrome/56.0.2924.87 Safari/537.36"
221.6.40.150 - - [04/Jun/2017:12:04:51 +0800] "GET /getCourseInfo HTTP/1.1" 200 852 "http://111.231.22.133/test" "Mozilla/5.0 (Windows NT 6.3; WOW64) AppleWebKit/537.36 (KHTML, like Gecko) Chrome/56.0.2924.87 Safari/537.36"
221.6.40.150 - - [04/Jun/2017:12:04:51 +0800] "POST /selectCourse HTTP/1.1" 500 291 "http://111.231.22.133/test" "Mozilla/5.0 (Windows NT 6.3; WOW64) AppleWebKit/537.36 (KHTML, like Gecko) Chrome/56.0.2924.87 Safari/537.36"
221.6.40.150 - - [04/Jun/2017:12:04:51 +0800] "POST /quitCourse HTTP/1.1" 200 54 "http://111.231.22.133/test" "Mozilla/5.0 (Windows NT 6.3; WOW64) AppleWebKit/537.36 (KHTML, like Gecko) Chrome/56.0.2924.87 Safari/537.36"
221.6.40.150 - - [04/Jun/2017:12:04:51 +0800] "GET /favicon.ico HTTP/1.1" 404 233 "http://111.231.22.133/test" "Mozilla/5.0 (Windows NT 6.3; WOW64) AppleWebKit/537.36 (KHTML, like Gecko) Chrome/56.0.2924.87 Safari/537.36"
221.6.40.150 - - [04/Jun/2017:12:07:00 +0800] "GET /test HTTP/1.1" 200 1333 "-" "Mozilla/5.0 (Windows NT 10.0; Win64; x64) AppleWebKit/537.36 (KHTML, like Gecko) Chrome/56.0.2924.87 Safari/537.36"
221.6.40.150 - - [04/Jun/2017:12:07:00 +0800] "POST /login HTTP/1.1" 200 44 "http://111.231.22.133/test" "Mozilla/5.0 (Windows NT 10.0; Win64; x64) AppleWebKit/537.36 (KHTML, like Gecko) Chrome/56.0.2924.87 Safari/537.36"
221.6.40.150 - - [04/Jun/2017:12:07:00 +0800] "GET /getAllCourseInfo HTTP/1.1" 200 2003 "http://111.231.22.133/test" "Mozilla/5.0 (Windows NT 10.0; Win64; x64) AppleWebKit/537.36 (KHTML, like Gecko) Chrome/56.0.2924.87 Safari/537.36"
221.6.40.150 - - [04/Jun/2017:12:07:00 +0800] "GET /getCourseInfo HTTP/1.1" 200 852 "http://111.231.22.133/test" "Mozilla/5.0 (Windows NT 10.0; Win64; x64) AppleWebKit/537.36 (KHTML, like Gecko) Chrome/56.0.2924.87 Safari/537.36"
221.6.40.150 - - [04/Jun/2017:12:07:00 +0800] "POST /quitCourse HTTP/1.1" 200 54 "http://111.231.22.133/test" "Mozilla/5.0 (Windows NT 10.0; Win64; x64) AppleWebKit/537.36 (KHTML, like Gecko) Chrome/56.0.2924.87 Safari/537.36"
221.6.40.150 - - [04/Jun/2017:12:07:00 +0800] "POST /selectCourse HTTP/1.1" 500 291 "http://111.231.22.133/test" "Mozilla/5.0 (Windows NT 10.0; Win64; x64) AppleWebKit/537.36 (KHTML, like Gecko) Chrome/56.0.2924.87 Safari/537.36"
221.6.40.150 - - [04/Jun/2017:12:09:45 +0800] "GET /test HTTP/1.1" 200 1333 "-" "Mozilla/5.0 (Windows NT 10.0; Win64; x64) AppleWebKit/537.36 (KHTML, like Gecko) Chrome/56.0.2924.87 Safari/537.36"
221.6.40.150 - - [04/Jun/2017:12:09:45 +0800] "POST /login HTTP/1.1" 200 44 "http://111.231.22.133/test" "Mozilla/5.0 (Windows NT 10.0; Win64; x64) AppleWebKit/537.36 (KHTML, like Gecko) Chrome/56.0.2924.87 Safari/537.36"
221.6.40.150 - - [04/Jun/2017:12:09:45 +0800] "GET /getAllCourseInfo HTTP/1.1" 200 2003 "http://111.231.22.133/test" "Mozilla/5.0 (Windows NT 10.0; Win64; x64) AppleWebKit/537.36 (KHTML, like Gecko) Chrome/56.0.2924.87 Safari/537.36"
221.6.40.150 - - [04/Jun/2017:12:09:45 +0800] "GET /getCourseInfo HTTP/1.1" 200 852 "http://111.231.22.133/test" "Mozilla/5.0 (Windows NT 10.0; Win64; x64) AppleWebKit/537.36 (KHTML, like Gecko) Chrome/56.0.2924.87 Safari/537.36"
221.6.40.150 - - [04/Jun/2017:12:09:45 +0800] "POST /quitCourse HTTP/1.1" 200 54 "http://111.231.22.133/test" "Mozilla/5.0 (Windows NT 10.0; Win64; x64) AppleWebKit/537.36 (KHTML, like Gecko) Chrome/56.0.2924.87 Safari/537.36"
221.6.40.150 - - [04/Jun/2017:12:09:45 +0800] "POST /selectCourse HTTP/1.1" 500 291 "http://111.231.22.133/test" "Mozilla/5.0 (Windows NT 10.0; Win64; x64) AppleWebKit/537.36 (KHTML, like Gecko) Chrome/56.0.2924.87 Safari/537.36"
221.6.40.150 - - [04/Jun/2017:12:13:34 +0800] "GET /test HTTP/1.1" 200 1333 "-" "Mozilla/5.0 (Windows NT 10.0; Win64; x64) AppleWebKit/537.36 (KHTML, like Gecko) Chrome/56.0.2924.87 Safari/537.36"
221.6.40.150 - - [04/Jun/2017:12:13:34 +0800] "POST /login HTTP/1.1" 200 44 "http://111.231.22.133/test" "Mozilla/5.0 (Windows NT 10.0; Win64; x64) AppleWebKit/537.36 (KHTML, like Gecko) Chrome/56.0.2924.87 Safari/537.36"
221.6.40.150 - - [04/Jun/2017:12:13:35 +0800] "GET /getAllCourseInfo HTTP/1.1" 200 2003 "http://111.231.22.133/test" "Mozilla/5.0 (Windows NT 10.0; Win64; x64) AppleWebKit/537.36 (KHTML, like Gecko) Chrome/56.0.2924.87 Safari/537.36"
221.6.40.150 - - [04/Jun/2017:12:13:35 +0800] "GET /getCourseInfo HTTP/1.1" 200 852 "http://111.231.22.133/test" "Mozilla/5.0 (Windows NT 10.0; Win64; x64) AppleWebKit/537.36 (KHTML, like Gecko) Chrome/56.0.2924.87 Safari/537.36"
221.6.40.150 - - [04/Jun/2017:12:13:35 +0800] "POST /quitCourse HTTP/1.1" 200 54 "http://111.231.22.133/test" "Mozilla/5.0 (Windows NT 10.0; Win64; x64) AppleWebKit/537.36 (KHTML, like Gecko) Chrome/56.0.2924.87 Safari/537.36"
221.6.40.150 - - [04/Jun/2017:12:13:35 +0800] "POST /selectCourse HTTP/1.1" 500 291 "http://111.231.22.133/test" "Mozilla/5.0 (Windows NT 10.0; Win64; x64) AppleWebKit/537.36 (KHTML, like Gecko) Chrome/56.0.2924.87 Safari/537.36"
221.6.40.150 - - [04/Jun/2017:12:15:02 +0800] "GET /test HTTP/1.1" 200 1333 "-" "Mozilla/5.0 (Windows NT 10.0; Win64; x64) AppleWebKit/537.36 (KHTML, like Gecko) Chrome/56.0.2924.87 Safari/537.36"
221.6.40.150 - - [04/Jun/2017:12:15:02 +0800] "POST /login HTTP/1.1" 200 44 "http://111.231.22.133/test" "Mozilla/5.0 (Windows NT 10.0; Win64; x64) AppleWebKit/537.36 (KHTML, like Gecko) Chrome/56.0.2924.87 Safari/537.36"
221.6.40.150 - - [04/Jun/2017:12:15:02 +0800] "GET /getAllCourseInfo HTTP/1.1" 200 2003 "http://111.231.22.133/test" "Mozilla/5.0 (Windows NT 10.0; Win64; x64) AppleWebKit/537.36 (KHTML, like Gecko) Chrome/56.0.2924.87 Safari/537.36"
221.6.40.150 - - [04/Jun/2017:12:15:02 +0800] "GET /getCourseInfo HTTP/1.1" 200 852 "http://111.231.22.133/test" "Mozilla/5.0 (Windows NT 10.0; Win64; x64) AppleWebKit/537.36 (KHTML, like Gecko) Chrome/56.0.2924.87 Safari/537.36"
221.6.40.150 - - [04/Jun/2017:12:15:02 +0800] "POST /quitCourse HTTP/1.1" 200 54 "http://111.231.22.133/test" "Mozilla/5.0 (Windows NT 10.0; Win64; x64) AppleWebKit/537.36 (KHTML, like Gecko) Chrome/56.0.2924.87 Safari/537.36"
221.6.40.150 - - [04/Jun/2017:12:15:02 +0800] "POST /selectCourse HTTP/1.1" 500 291 "http://111.231.22.133/test" "Mozilla/5.0 (Windows NT 10.0; Win64; x64) AppleWebKit/537.36 (KHTML, like Gecko) Chrome/56.0.2924.87 Safari/537.36"
221.6.40.150 - - [04/Jun/2017:12:17:43 +0800] "GET /test HTTP/1.1" 200 1333 "-" "Mozilla/5.0 (Windows NT 10.0; Win64; x64) AppleWebKit/537.36 (KHTML, like Gecko) Chrome/56.0.2924.87 Safari/537.36"
221.6.40.150 - - [04/Jun/2017:12:17:43 +0800] "POST /login HTTP/1.1" 200 44 "http://111.231.22.133/test" "Mozilla/5.0 (Windows NT 10.0; Win64; x64) AppleWebKit/537.36 (KHTML, like Gecko) Chrome/56.0.2924.87 Safari/537.36"
221.6.40.150 - - [04/Jun/2017:12:17:43 +0800] "GET /getAllCourseInfo HTTP/1.1" 200 2003 "http://111.231.22.133/test" "Mozilla/5.0 (Windows NT 10.0; Win64; x64) AppleWebKit/537.36 (KHTML, like Gecko) Chrome/56.0.2924.87 Safari/537.36"
221.6.40.150 - - [04/Jun/2017:12:17:43 +0800] "GET /getCourseInfo HTTP/1.1" 200 852 "http://111.231.22.133/test" "Mozilla/5.0 (Windows NT 10.0; Win64; x64) AppleWebKit/537.36 (KHTML, like Gecko) Chrome/56.0.2924.87 Safari/537.36"
221.6.40.150 - - [04/Jun/2017:12:17:43 +0800] "POST /selectCourse HTTP/1.1" 200 53 "http://111.231.22.133/test" "Mozilla/5.0 (Windows NT 10.0; Win64; x64) AppleWebKit/537.36 (KHTML, like Gecko) Chrome/56.0.2924.87 Safari/537.36"
221.6.40.150 - - [04/Jun/2017:12:17:43 +0800] "POST /quitCourse HTTP/1.1" 200 53 "http://111.231.22.133/test" "Mozilla/5.0 (Windows NT 10.0; Win64; x64) AppleWebKit/537.36 (KHTML, like Gecko) Chrome/56.0.2924.87 Safari/537.36"
221.6.40.150 - - [04/Jun/2017:12:18:23 +0800] "GET /test HTTP/1.1" 200 1333 "-" "Mozilla/5.0 (Windows NT 10.0; Win64; x64) AppleWebKit/537.36 (KHTML, like Gecko) Chrome/56.0.2924.87 Safari/537.36"
221.6.40.150 - - [04/Jun/2017:12:18:23 +0800] "POST /login HTTP/1.1" 200 44 "http://111.231.22.133/test" "Mozilla/5.0 (Windows NT 10.0; Win64; x64) AppleWebKit/537.36 (KHTML, like Gecko) Chrome/56.0.2924.87 Safari/537.36"
221.6.40.150 - - [04/Jun/2017:12:18:23 +0800] "GET /getAllCourseInfo HTTP/1.1" 200 2003 "http://111.231.22.133/test" "Mozilla/5.0 (Windows NT 10.0; Win64; x64) AppleWebKit/537.36 (KHTML, like Gecko) Chrome/56.0.2924.87 Safari/537.36"
221.6.40.150 - - [04/Jun/2017:12:18:23 +0800] "GET /getCourseInfo HTTP/1.1" 200 852 "http://111.231.22.133/test" "Mozilla/5.0 (Windows NT 10.0; Win64; x64) AppleWebKit/537.36 (KHTML, like Gecko) Chrome/56.0.2924.87 Safari/537.36"
221.6.40.150 - - [04/Jun/2017:12:18:23 +0800] "POST /quitCourse HTTP/1.1" 200 54 "http://111.231.22.133/test" "Mozilla/5.0 (Windows NT 10.0; Win64; x64) AppleWebKit/537.36 (KHTML, like Gecko) Chrome/56.0.2924.87 Safari/537.36"
221.6.40.150 - - [04/Jun/2017:12:18:23 +0800] "POST /selectCourse HTTP/1.1" 200 53 "http://111.231.22.133/test" "Mozilla/5.0 (Windows NT 10.0; Win64; x64) AppleWebKit/537.36 (KHTML, like Gecko) Chrome/56.0.2924.87 Safari/537.36"
221.6.40.150 - - [04/Jun/2017:12:18:37 +0800] "GET /test HTTP/1.1" 200 1333 "-" "Mozilla/5.0 (Windows NT 6.3; WOW64) AppleWebKit/537.36 (KHTML, like Gecko) Chrome/56.0.2924.87 Safari/537.36"
221.6.40.150 - - [04/Jun/2017:12:18:37 +0800] "POST /login HTTP/1.1" 200 44 "http://111.231.22.133/test" "Mozilla/5.0 (Windows NT 6.3; WOW64) AppleWebKit/537.36 (KHTML, like Gecko) Chrome/56.0.2924.87 Safari/537.36"
221.6.40.150 - - [04/Jun/2017:12:18:38 +0800] "GET /getAllCourseInfo HTTP/1.1" 200 2003 "http://111.231.22.133/test" "Mozilla/5.0 (Windows NT 6.3; WOW64) AppleWebKit/537.36 (KHTML, like Gecko) Chrome/56.0.2924.87 Safari/537.36"
221.6.40.150 - - [04/Jun/2017:12:18:38 +0800] "POST /quitCourse HTTP/1.1" 200 53 "http://111.231.22.133/test" "Mozilla/5.0 (Windows NT 6.3; WOW64) AppleWebKit/537.36 (KHTML, like Gecko) Chrome/56.0.2924.87 Safari/537.36"
221.6.40.150 - - [04/Jun/2017:12:18:38 +0800] "POST /selectCourse HTTP/1.1" 200 53 "http://111.231.22.133/test" "Mozilla/5.0 (Windows NT 6.3; WOW64) AppleWebKit/537.36 (KHTML, like Gecko) Chrome/56.0.2924.87 Safari/537.36"
221.6.40.150 - - [04/Jun/2017:12:18:38 +0800] "GET /getCourseInfo HTTP/1.1" 200 1036 "http://111.231.22.133/test" "Mozilla/5.0 (Windows NT 6.3; WOW64) AppleWebKit/537.36 (KHTML, like Gecko) Chrome/56.0.2924.87 Safari/537.36"
221.6.40.150 - - [04/Jun/2017:12:19:27 +0800] "GET /test HTTP/1.1" 200 1333 "-" "Mozilla/5.0 (Windows NT 10.0; Win64; x64) AppleWebKit/537.36 (KHTML, like Gecko) Chrome/56.0.2924.87 Safari/537.36"
221.6.40.150 - - [04/Jun/2017:12:19:27 +0800] "POST /login HTTP/1.1" 200 44 "http://111.231.22.133/test" "Mozilla/5.0 (Windows NT 10.0; Win64; x64) AppleWebKit/537.36 (KHTML, like Gecko) Chrome/56.0.2924.87 Safari/537.36"
221.6.40.150 - - [04/Jun/2017:12:19:27 +0800] "GET /getAllCourseInfo HTTP/1.1" 200 2003 "http://111.231.22.133/test" "Mozilla/5.0 (Windows NT 10.0; Win64; x64) AppleWebKit/537.36 (KHTML, like Gecko) Chrome/56.0.2924.87 Safari/537.36"
221.6.40.150 - - [04/Jun/2017:12:19:27 +0800] "GET /getCourseInfo HTTP/1.1" 200 1036 "http://111.231.22.133/test" "Mozilla/5.0 (Windows NT 10.0; Win64; x64) AppleWebKit/537.36 (KHTML, like Gecko) Chrome/56.0.2924.87 Safari/537.36"
221.6.40.150 - - [04/Jun/2017:12:19:27 +0800] "POST /selectCourse HTTP/1.1" 200 54 "http://111.231.22.133/test" "Mozilla/5.0 (Windows NT 10.0; Win64; x64) AppleWebKit/537.36 (KHTML, like Gecko) Chrome/56.0.2924.87 Safari/537.36"
221.6.40.150 - - [04/Jun/2017:12:19:27 +0800] "POST /quitCourse HTTP/1.1" 200 53 "http://111.231.22.133/test" "Mozilla/5.0 (Windows NT 10.0; Win64; x64) AppleWebKit/537.36 (KHTML, like Gecko) Chrome/56.0.2924.87 Safari/537.36"
221.6.40.150 - - [04/Jun/2017:12:19:37 +0800] "GET /test HTTP/1.1" 200 1333 "-" "Mozilla/5.0 (Windows NT 10.0; Win64; x64) AppleWebKit/537.36 (KHTML, like Gecko) Chrome/56.0.2924.87 Safari/537.36"
221.6.40.150 - - [04/Jun/2017:12:19:37 +0800] "POST /login HTTP/1.1" 200 44 "http://111.231.22.133/test" "Mozilla/5.0 (Windows NT 10.0; Win64; x64) AppleWebKit/537.36 (KHTML, like Gecko) Chrome/56.0.2924.87 Safari/537.36"
221.6.40.150 - - [04/Jun/2017:12:19:37 +0800] "GET /getAllCourseInfo HTTP/1.1" 200 2003 "http://111.231.22.133/test" "Mozilla/5.0 (Windows NT 10.0; Win64; x64) AppleWebKit/537.36 (KHTML, like Gecko) Chrome/56.0.2924.87 Safari/537.36"
221.6.40.150 - - [04/Jun/2017:12:19:37 +0800] "GET /getCourseInfo HTTP/1.1" 200 852 "http://111.231.22.133/test" "Mozilla/5.0 (Windows NT 10.0; Win64; x64) AppleWebKit/537.36 (KHTML, like Gecko) Chrome/56.0.2924.87 Safari/537.36"
221.6.40.150 - - [04/Jun/2017:12:19:37 +0800] "POST /selectCourse HTTP/1.1" 200 53 "http://111.231.22.133/test" "Mozilla/5.0 (Windows NT 10.0; Win64; x64) AppleWebKit/537.36 (KHTML, like Gecko) Chrome/56.0.2924.87 Safari/537.36"
221.6.40.150 - - [04/Jun/2017:12:19:37 +0800] "POST /quitCourse HTTP/1.1" 200 53 "http://111.231.22.133/test" "Mozilla/5.0 (Windows NT 10.0; Win64; x64) AppleWebKit/537.36 (KHTML, like Gecko) Chrome/56.0.2924.87 Safari/537.36"
104.197.239.118 - - [04/Jun/2017:13:27:10 +0800] "GET /w00tw00t.at.blackhats.romanian.anti-sec:) HTTP/1.1" 404 233 "-" "ZmEu"
104.197.239.118 - - [04/Jun/2017:13:27:11 +0800] "GET /phpMyAdmin/scripts/setup.php HTTP/1.1" 404 233 "-" "ZmEu"
104.197.239.118 - - [04/Jun/2017:13:27:11 +0800] "GET /phpmyadmin/scripts/setup.php HTTP/1.1" 404 233 "-" "ZmEu"
104.197.239.118 - - [04/Jun/2017:13:27:11 +0800] "GET /mysql/scripts/setup.php HTTP/1.1" 404 233 "-" "ZmEu"
104.197.239.118 - - [04/Jun/2017:13:27:11 +0800] "GET /dbadmin/scripts/setup.php HTTP/1.1" 404 233 "-" "ZmEu"
104.197.239.118 - - [04/Jun/2017:13:27:11 +0800] "GET /admin/pma/scripts/setup.php HTTP/1.1" 404 233 "-" "ZmEu"
104.197.239.118 - - [04/Jun/2017:13:27:11 +0800] "GET /pma/scripts/setup.php HTTP/1.1" 404 233 "-" "ZmEu"
104.197.239.118 - - [04/Jun/2017:13:27:11 +0800] "GET /db/scripts/setup.php HTTP/1.1" 404 233 "-" "ZmEu"
104.197.239.118 - - [04/Jun/2017:13:27:11 +0800] "GET /myadmin/scripts/setup.php HTTP/1.1" 404 233 "-" "ZmEu"
104.197.239.118 - - [04/Jun/2017:13:27:11 +0800] "GET /admin/scripts/setup.php HTTP/1.1" 404 233 "-" "ZmEu"
104.197.239.118 - - [04/Jun/2017:13:27:11 +0800] "GET /MyAdmin/scripts/setup.php HTTP/1.1" 404 233 "-" "ZmEu"
104.197.239.118 - - [04/Jun/2017:13:27:11 +0800] "GET /mysqladmin/scripts/setup.php HTTP/1.1" 404 233 "-" "ZmEu"
104.197.239.118 - - [04/Jun/2017:13:27:11 +0800] "GET /scripts/setup.php HTTP/1.1" 404 233 "-" "ZmEu"
104.197.239.118 - - [04/Jun/2017:13:27:11 +0800] "GET /admin/phpmyadmin/scripts/setup.php HTTP/1.1" 404 233 "-" "ZmEu"
183.129.160.229 - - [04/Jun/2017:13:31:43 +0800] "GET / HTTP/1.1" 404 233 "-" "Mozilla/5.0 (Macintosh; Intel Mac OS X 10.11; rv:47.0) Gecko/20100101 Firefox/47.0"
183.57.53.196 - - [04/Jun/2017:13:35:53 +0800] "GET /getAllCourseInfo HTTP/1.1" 200 2003 "-" "Mozilla/5.0 (iPhone; CPU iPhone OS 9_3_4 like Mac OS X) AppleWebKit/601.1.46 (KHTML, like Gecko) Mobile/13G35 QQ/6.5.3.410 V1_IPH_SQ_6.5.3_1_APP_A Pixel/750 Core/UIWebView NetType/2G Mem/117"
101.226.102.70 - - [04/Jun/2017:15:05:26 +0800] "GET /login HTTP/1.1" 405 178 "-" "Mozilla/5.0 (iPhone; CPU iPhone OS 9_3_4 like Mac OS X) AppleWebKit/601.1.46 (KHTML, like Gecko) Mobile/13G35 QQ/6.5.3.410 V1_IPH_SQ_6.5.3_1_APP_A Pixel/750 Core/UIWebView NetType/2G Mem/117"
221.6.40.150 - - [04/Jun/2017:15:07:37 +0800] "GET /test HTTP/1.1" 200 1333 "-" "Mozilla/5.0 (Windows NT 10.0; Win64; x64) AppleWebKit/537.36 (KHTML, like Gecko) Chrome/56.0.2924.87 Safari/537.36"
221.6.40.150 - - [04/Jun/2017:15:07:37 +0800] "POST /login HTTP/1.1" 200 44 "http://111.231.22.133/test" "Mozilla/5.0 (Windows NT 10.0; Win64; x64) AppleWebKit/537.36 (KHTML, like Gecko) Chrome/56.0.2924.87 Safari/537.36"
221.6.40.150 - - [04/Jun/2017:15:07:38 +0800] "POST /selectCourse HTTP/1.1" 200 53 "http://111.231.22.133/test" "Mozilla/5.0 (Windows NT 10.0; Win64; x64) AppleWebKit/537.36 (KHTML, like Gecko) Chrome/56.0.2924.87 Safari/537.36"
221.6.40.150 - - [04/Jun/2017:15:07:38 +0800] "POST /quitCourse HTTP/1.1" 200 53 "http://111.231.22.133/test" "Mozilla/5.0 (Windows NT 10.0; Win64; x64) AppleWebKit/537.36 (KHTML, like Gecko) Chrome/56.0.2924.87 Safari/537.36"
221.6.40.150 - - [04/Jun/2017:15:07:38 +0800] "GET /getAllCourseInfo HTTP/1.1" 200 2003 "http://111.231.22.133/test" "Mozilla/5.0 (Windows NT 10.0; Win64; x64) AppleWebKit/537.36 (KHTML, like Gecko) Chrome/56.0.2924.87 Safari/537.36"
221.6.40.150 - - [04/Jun/2017:15:07:38 +0800] "GET /getCourseInfo HTTP/1.1" 200 852 "http://111.231.22.133/test" "Mozilla/5.0 (Windows NT 10.0; Win64; x64) AppleWebKit/537.36 (KHTML, like Gecko) Chrome/56.0.2924.87 Safari/537.36"
221.6.40.150 - - [04/Jun/2017:15:07:38 +0800] "GET /favicon.ico HTTP/1.1" 404 233 "http://111.231.22.133/test" "Mozilla/5.0 (Windows NT 10.0; Win64; x64) AppleWebKit/537.36 (KHTML, like Gecko) Chrome/56.0.2924.87 Safari/537.36"
119.147.207.158 - - [04/Jun/2017:15:12:39 +0800] "GET /quitCourse HTTP/1.1" 405 178 "-" "Mozilla/5.0 (iPhone; CPU iPhone OS 9_3_4 like Mac OS X) AppleWebKit/601.1.46 (KHTML, like Gecko) Mobile/13G35 QQ/6.5.3.410 V1_IPH_SQ_6.5.3_1_APP_A Pixel/750 Core/UIWebView NetType/2G Mem/117"
101.226.68.215 - - [04/Jun/2017:15:12:39 +0800] "GET /test HTTP/1.1" 200 1333 "-" "Mozilla/5.0 (iPhone; CPU iPhone OS 9_3_4 like Mac OS X) AppleWebKit/601.1.46 (KHTML, like Gecko) Mobile/13G35 QQ/6.5.3.410 V1_IPH_SQ_6.5.3_1_APP_A Pixel/750 Core/UIWebView NetType/2G Mem/117"
221.6.40.150 - - [04/Jun/2017:15:35:46 +0800] "GET /getAllCourseInfo HTTP/1.1" 200 2003 "-" "Mozilla/5.0 (Windows NT 10.0; Win64; x64) AppleWebKit/537.36 (KHTML, like Gecko) Chrome/56.0.2924.87 Safari/537.36"
60.191.38.77 - - [04/Jun/2017:15:54:39 +0800] "GET /current_config/Account1 HTTP/1.1" 404 233 "-" "Mozilla/5.0"
101.226.79.190 - - [04/Jun/2017:16:32:43 +0800] "GET /MyAdmin/scripts/setup.php HTTP/1.1" 404 233 "-" "Mozilla/5.0 (iPhone; CPU iPhone OS 9_3_4 like Mac OS X) AppleWebKit/601.1.46 (KHTML, like Gecko) Mobile/13G35 QQ/6.5.3.410 V1_IPH_SQ_6.5.3_1_APP_A Pixel/750 Core/UIWebView NetType/2G Mem/117"
112.90.82.218 - - [04/Jun/2017:16:51:47 +0800] "GET /w00tw00t.at.blackhats.romanian.anti-sec:) HTTP/1.1" 404 233 "-" "Mozilla/5.0 (iPhone; CPU iPhone OS 9_3_4 like Mac OS X) AppleWebKit/601.1.46 (KHTML, like Gecko) Mobile/13G35 QQ/6.5.3.410 V1_IPH_SQ_6.5.3_1_APP_A Pixel/750 Core/UIWebView NetType/2G Mem/117"
139.162.88.63 - - [04/Jun/2017:16:54:54 +0800] "GET http://clientapi.ipip.net/echo.php?info=1234567890 HTTP/1.1" 404 233 "-" "Go-http-client/1.1"
183.57.53.222 - - [04/Jun/2017:18:19:33 +0800] "GET /selectCourse HTTP/1.1" 405 178 "-" "Mozilla/5.0 (iPhone; CPU iPhone OS 9_3_4 like Mac OS X) AppleWebKit/601.1.46 (KHTML, like Gecko) Mobile/13G35 QQ/6.5.3.410 V1_IPH_SQ_6.5.3_1_APP_A Pixel/750 Core/UIWebView NetType/2G Mem/117"
183.57.53.197 - - [04/Jun/2017:18:51:59 +0800] "GET /admin/scripts/setup.php HTTP/1.1" 404 233 "-" "Mozilla/5.0 (iPhone; CPU iPhone OS 9_3_4 like Mac OS X) AppleWebKit/601.1.46 (KHTML, like Gecko) Mobile/13G35 QQ/6.5.3.410 V1_IPH_SQ_6.5.3_1_APP_A Pixel/750 Core/UIWebView NetType/2G Mem/117"
84.7.195.201 - - [04/Jun/2017:19:11:23 +0800] "GET / HTTP/1.0" 404 233 "-" "-"
101.226.68.215 - - [04/Jun/2017:19:11:36 +0800] "GET /getAllCourseInfo HTTP/1.1" 200 2003 "-" "Mozilla/5.0 (iPhone; CPU iPhone OS 9_3_4 like Mac OS X) AppleWebKit/601.1.46 (KHTML, like Gecko) Mobile/13G35 QQ/6.5.3.410 V1_IPH_SQ_6.5.3_1_APP_A Pixel/750 Core/UIWebView NetType/2G Mem/117"
101.226.79.190 - - [04/Jun/2017:19:13:21 +0800] "GET /myadmin/scripts/setup.php HTTP/1.1" 404 233 "-" "Mozilla/5.0 (iPhone; CPU iPhone OS 9_3_4 like Mac OS X) AppleWebKit/601.1.46 (KHTML, like Gecko) Mobile/13G35 QQ/6.5.3.410 V1_IPH_SQ_6.5.3_1_APP_A Pixel/750 Core/UIWebView NetType/2G Mem/117"
101.226.102.70 - - [04/Jun/2017:19:22:35 +0800] "GET /getCourseInfo HTTP/1.1" 200 72 "-" "Mozilla/5.0 (iPhone; CPU iPhone OS 9_3_4 like Mac OS X) AppleWebKit/601.1.46 (KHTML, like Gecko) Mobile/13G35 QQ/6.5.3.410 V1_IPH_SQ_6.5.3_1_APP_A Pixel/750 Core/UIWebView NetType/2G Mem/117"
183.57.53.197 - - [04/Jun/2017:19:32:03 +0800] "GET /phpmyadmin/scripts/setup.php HTTP/1.1" 404 233 "-" "Mozilla/5.0 (iPhone; CPU iPhone OS 9_3_4 like Mac OS X) AppleWebKit/601.1.46 (KHTML, like Gecko) Mobile/13G35 QQ/6.5.3.410 V1_IPH_SQ_6.5.3_1_APP_A Pixel/750 Core/UIWebView NetType/2G Mem/117"
101.226.79.190 - - [04/Jun/2017:19:34:38 +0800] "GET /scripts/setup.php HTTP/1.1" 404 233 "-" "Mozilla/5.0 (iPhone; CPU iPhone OS 9_3_4 like Mac OS X) AppleWebKit/601.1.46 (KHTML, like Gecko) Mobile/13G35 QQ/6.5.3.410 V1_IPH_SQ_6.5.3_1_APP_A Pixel/750 Core/UIWebView NetType/2G Mem/117"
183.57.53.222 - - [04/Jun/2017:19:34:38 +0800] "GET /phpMyAdmin/scripts/setup.php HTTP/1.1" 404 233 "-" "Mozilla/5.0 (iPhone; CPU iPhone OS 9_3_4 like Mac OS X) AppleWebKit/601.1.46 (KHTML, like Gecko) Mobile/13G35 QQ/6.5.3.410 V1_IPH_SQ_6.5.3_1_APP_A Pixel/750 Core/UIWebView NetType/2G Mem/117"
101.226.64.174 - - [04/Jun/2017:19:48:55 +0800] "GET /admin/pma/scripts/setup.php HTTP/1.1" 404 233 "-" "Mozilla/5.0 (iPhone; CPU iPhone OS 9_3_4 like Mac OS X) AppleWebKit/601.1.46 (KHTML, like Gecko) Mobile/13G35 QQ/6.5.3.410 V1_IPH_SQ_6.5.3_1_APP_A Pixel/750 Core/UIWebView NetType/2G Mem/117"
47.93.127.208 - - [04/Jun/2017:21:47:10 +0800] "GET / HTTP/1.0" 404 233 "-" "-"
183.129.160.229 - - [04/Jun/2017:22:54:57 +0800] "GET / HTTP/1.1" 404 233 "-" "Mozilla/5.0 (Macintosh; Intel Mac OS X 10.11; rv:47.0) Gecko/20100101 Firefox/47.0"
183.129.160.229 - - [04/Jun/2017:22:55:10 +0800] "GET / HTTP/1.1" 404 233 "-" "Mozilla/5.0 (Macintosh; Intel Mac OS X 10.11; rv:47.0) Gecko/20100101 Firefox/47.0"
183.129.160.229 - - [04/Jun/2017:22:55:31 +0800] "GET / HTTP/1.1" 404 233 "-" "Mozilla/5.0 (Macintosh; Intel Mac OS X 10.11; rv:47.0) Gecko/20100101 Firefox/47.0"
101.226.68.215 - - [05/Jun/2017:00:09:23 +0800] "GET /admin/pma/scripts/setup.php HTTP/1.1" 404 233 "-" "Mozilla/5.0 (iPhone; CPU iPhone OS 9_3_4 like Mac OS X) AppleWebKit/601.1.46 (KHTML, like Gecko) Mobile/13G35 QQ/6.5.3.410 V1_IPH_SQ_6.5.3_1_APP_A Pixel/750 Core/UIWebView NetType/2G Mem/117"
91.189.36.109 - - [05/Jun/2017:00:58:47 +0800] "GET /userlogin/login.aspx HTTP/1.1" 404 233 "-" "-"
134.196.53.1 - - [05/Jun/2017:01:17:14 +0800] "GET / HTTP/1.0" 404 233 "-" "-"
172.82.166.210 - - [05/Jun/2017:01:36:52 +0800] "GET http://www.baidu.com/cache/global/img/gs.gif HTTP/1.1" 404 233 "-" "Mozilla"
183.57.53.177 - - [05/Jun/2017:01:53:46 +0800] "GET /login HTTP/1.1" 405 178 "-" "Mozilla/5.0 (iPhone; CPU iPhone OS 9_3_4 like Mac OS X) AppleWebKit/601.1.46 (KHTML, like Gecko) Mobile/13G35 QQ/6.5.3.410 V1_IPH_SQ_6.5.3_1_APP_A Pixel/750 Core/UIWebView NetType/2G Mem/117"
119.147.207.158 - - [05/Jun/2017:01:56:34 +0800] "GET /test HTTP/1.1" 200 1333 "-" "Mozilla/5.0 (iPhone; CPU iPhone OS 9_3_4 like Mac OS X) AppleWebKit/601.1.46 (KHTML, like Gecko) Mobile/13G35 QQ/6.5.3.410 V1_IPH_SQ_6.5.3_1_APP_A Pixel/750 Core/UIWebView NetType/2G Mem/117"
121.199.70.200 - - [05/Jun/2017:02:35:31 +0800] "GET / HTTP/1.1" 404 233 "-" "-"
185.10.68.179 - - [05/Jun/2017:03:52:31 +0800] "GET / HTTP/1.0" 404 233 "-" "masscan/1.0 (https://github.com/robertdavidgraham/masscan)"
189.60.206.193 - - [05/Jun/2017:05:21:01 +0800] "POST /command.php HTTP/1.0" 404 233 "-" "Wget(linux)"
183.57.53.197 - - [05/Jun/2017:05:25:55 +0800] "GET /selectCourse HTTP/1.1" 405 178 "-" "Mozilla/5.0 (iPhone; CPU iPhone OS 9_3_4 like Mac OS X) AppleWebKit/601.1.46 (KHTML, like Gecko) Mobile/13G35 QQ/6.5.3.410 V1_IPH_SQ_6.5.3_1_APP_A Pixel/750 Core/UIWebView NetType/2G Mem/117"
80.82.78.38 - - [05/Jun/2017:05:47:26 +0800] "GET http://www.baidu.com/cache/global/img/gs.gif HTTP/1.1" 404 233 "-" "Mozilla"
141.212.122.96 - - [05/Jun/2017:06:09:37 +0800] "GET /x HTTP/1.1" 400 173 "-" "Telesphoreo"
180.163.8.254 - - [05/Jun/2017:08:02:22 +0800] "GET / HTTP/1.0" 404 233 "-" "-"
185.84.137.64 - - [05/Jun/2017:09:14:19 +0800] "GET /userlogin/login.aspx HTTP/1.1" 404 233 "-" "-"
185.84.137.64 - - [05/Jun/2017:09:14:19 +0800] "" 400 0 "-" "-"
91.189.36.70 - - [05/Jun/2017:09:39:39 +0800] "GET / HTTP/1.1" 404 233 "-" "-"
185.84.137.64 - - [05/Jun/2017:10:40:11 +0800] "GET /userlogin/login.aspx HTTP/1.1" 404 233 "-" "-"
185.84.137.64 - - [05/Jun/2017:10:40:11 +0800] "" 400 0 "-" "-"
54.226.206.251 - - [05/Jun/2017:10:56:30 +0800] "GET / HTTP/1.1" 404 233 "-" "Mozilla/5.0 (Macintosh; Intel Mac OS X 10_11_5) AppleWebKit/537.36 (KHTML, like Gecko) Chrome/50.0.2661.102 Safari/537.36"
139.162.108.53 - - [05/Jun/2017:13:10:05 +0800] "GET / HTTP/1.1" 404 233 "-" "Mozilla/5.0 (Windows NT 10.0; WOW64) AppleWebKit/537.36 (KHTML, like Gecko) Chrome/50.0.2661.102 Safari/537.36"
185.84.137.64 - - [05/Jun/2017:15:01:24 +0800] "GET /userlogin/login.aspx HTTP/1.1" 404 233 "-" "-"
185.84.137.64 - - [05/Jun/2017:15:01:24 +0800] "" 400 0 "-" "-"
60.191.38.77 - - [05/Jun/2017:16:10:08 +0800] "GET / HTTP/1.1" 404 233 "-" "Mozilla/5.0 (Macintosh; Intel Mac OS X 10.11; rv:47.0) Gecko/20100101 Firefox/47.0"
139.162.88.63 - - [05/Jun/2017:17:44:52 +0800] "GET http://clientapi.ipip.net/echo.php?info=1234567890 HTTP/1.1" 404 233 "-" "Go-http-client/1.1"
66.240.205.34 - - [05/Jun/2017:23:18:46 +0800] "Gh0st\xAD\x00\x00\x00\xE0\x00\x00\x00x\x9CKS``\x98\xC3\xC0\xC0\xC0\x06\xC4\x8C@\xBCQ\x96\x81\x81\x09H\x07\xA7\x16\x95e&\xA7*\x04$&g+\x182\x94\xF6\xB000\xAC\xA8rc\x00\x01\x11\xA0\x82\x1F\x5C`&\x83\xC7K7\x86\x19\xE5n\x0C9\x95n\x0C;\x84\x0F3\xAC\xE8sch\xA8^\xCF4'J\x97\xA9\x82\xE30\xC3\x91h]&\x90\xF8\xCE\x97S\xCBA4L?2=\xE1\xC4\x92\x86\x0B@\xF5`\x0CT\x1F\xAE\xAF]" 400 173 "-" "-"
143.189.6.202 - - [05/Jun/2017:23:39:57 +0800] "GET / HTTP/1.0" 404 233 "-" "-"
123.59.146.153 - - [06/Jun/2017:00:49:13 +0800] "\x16\x03\x01\x01\x22\x01\x00\x01\x1E\x03\x03\xADD\xDF\x9A\x96\xAB\xD2\x9Et|\xBA\x5CWxiu\xE7\xBBc\xC6\xAA\xC5l5\x8C.\xDCU\xCBB\xC9T\x00\x00\x88\xC00\xC0,\xC0(\xC0$\xC0\x14\xC0" 400 173 "-" "-"
123.59.146.153 - - [06/Jun/2017:00:49:21 +0800] "USER test +iw test :Test Wuz Here" 400 173 "-" "-"
123.59.146.153 - - [06/Jun/2017:00:49:22 +0800] "GET / HTTP/1.1" 404 233 "-" "kscan1.4.3"
80.82.78.38 - - [06/Jun/2017:04:13:12 +0800] "GET http://www.baidu.com/cache/global/img/gs.gif HTTP/1.1" 404 233 "-" "Mozilla"
172.82.166.210 - - [06/Jun/2017:06:58:35 +0800] "GET http://www.baidu.com/cache/global/img/gs.gif HTTP/1.1" 404 233 "-" "Mozilla"
120.132.3.151 - - [06/Jun/2017:14:47:58 +0800] "\x04\x01\x00PpTi4\x00" 400 173 "-" "-"
120.132.3.151 - - [06/Jun/2017:14:47:59 +0800] "GET http://www.qq.com/404/search_children.js HTTP/1.1" 404 233 "-" "Mozilla/5.0 (X11; Linux x86_64) AppleWebKit/537.36 (KHTML, like Gecko) Chrome/35.0.1916.114 Safari/537.36"
120.132.3.151 - - [06/Jun/2017:14:47:59 +0800] "\x05\x01\x00" 400 173 "-" "-"
139.162.88.63 - - [06/Jun/2017:17:09:36 +0800] "GET http://clientapi.ipip.net/echo.php?info=1234567890 HTTP/1.1" 404 233 "-" "Go-http-client/1.1"
219.72.203.1 - - [07/Jun/2017:02:28:40 +0800] "GET / HTTP/1.1" 404 233 "-" "Mozilla/4.0 (compatible; MSIE 6.0; Windows NT 5.0)"
80.82.78.38 - - [07/Jun/2017:02:28:40 +0800] "GET http://www.baidu.com/cache/global/img/gs.gif HTTP/1.1" 404 233 "-" "Mozilla"
179.218.101.105 - - [07/Jun/2017:03:20:55 +0800] "GET /hndUnblock.cgi HTTP/1.0" 404 233 "-" "Wget(linux)"
179.218.101.105 - - [07/Jun/2017:03:20:56 +0800] "GET /tmUnblock.cgi HTTP/1.0" 404 233 "-" "Wget(linux)"
118.190.15.31 - - [07/Jun/2017:05:24:41 +0800] "GET / HTTP/1.1" 404 233 "-" "-"
118.190.88.57 - - [07/Jun/2017:05:42:32 +0800] "GET / HTTP/1.0" 404 233 "-" "-"
101.226.64.174 - - [07/Jun/2017:05:45:10 +0800] "GET / HTTP/1.1" 404 233 "-" "Mozilla/5.0 (iPhone; CPU iPhone OS 9_3_4 like Mac OS X) AppleWebKit/601.1.46 (KHTML, like Gecko) Mobile/13G35 QQ/6.5.3.410 V1_IPH_SQ_6.5.3_1_APP_A Pixel/750 Core/UIWebView NetType/2G Mem/117"
113.195.188.5 - - [07/Jun/2017:06:28:17 +0800] "GET /manager/html HTTP/1.1" 404 233 "-" "Mozilla/3.0 (compatible; Indy Library)"
101.226.79.190 - - [07/Jun/2017:06:44:40 +0800] "GET /hndUnblock.cgi HTTP/1.1" 404 233 "-" "Mozilla/5.0 (iPhone; CPU iPhone OS 9_3_4 like Mac OS X) AppleWebKit/601.1.46 (KHTML, like Gecko) Mobile/13G35 QQ/6.5.3.410 V1_IPH_SQ_6.5.3_1_APP_A Pixel/750 Core/UIWebView NetType/2G Mem/117"
139.162.108.53 - - [07/Jun/2017:07:33:34 +0800] "GET / HTTP/1.1" 404 233 "-" "Mozilla/5.0 (Windows NT 10.0; WOW64) AppleWebKit/537.36 (KHTML, like Gecko) Chrome/50.0.2661.102 Safari/537.36"
185.30.145.124 - - [07/Jun/2017:08:33:46 +0800] "GET / HTTP/1.1" 404 233 "-" "curl/7.17.1 (mips-unknown-linux-gnu) libcurl/7.17.1 OpenSSL/0.9.8i zlib/1.2.3"
121.199.70.200 - - [07/Jun/2017:13:07:54 +0800] "GET / HTTP/1.1" 404 233 "-" "-"
220.181.159.73 - - [07/Jun/2017:13:45:52 +0800] "\x16\x03\x01\x00\x8C\x01\x00\x00\x88\x03\x03Q=\xE4\xF9L|U\x13H\xF2L\xBF\xB6\xC2<\xB4\x9F\xE7\xC7\xFF\xE1\x11@u\xB8s\xE8\xC5<\xB8\xAES\x00\x00\x1A\xC0/\xC0+\xC0\x11\xC0\x07\xC0\x13\xC0\x09\xC0\x14\xC0" 400 173 "-" "-"
220.181.159.73 - - [07/Jun/2017:13:45:52 +0800] "GET / HTTP/1.1" 404 233 "-" "-"
141.212.122.96 - - [07/Jun/2017:14:41:06 +0800] "GET / HTTP/1.1" 404 233 "-" "Mozilla/5.0 zgrab/0.x"
119.23.150.148 - - [07/Jun/2017:15:11:53 +0800] "GET / HTTP/1.0" 404 233 "-" "-"
139.162.88.63 - - [07/Jun/2017:17:32:06 +0800] "GET http://clientapi.ipip.net/echo.php?info=1234567890 HTTP/1.1" 404 233 "-" "Go-http-client/1.1"
101.226.102.70 - - [07/Jun/2017:17:35:52 +0800] "GET / HTTP/1.1" 404 233 "-" "Mozilla/5.0 (iPhone; CPU iPhone OS 9_3_4 like Mac OS X) AppleWebKit/601.1.46 (KHTML, like Gecko) Mobile/13G35 QQ/6.5.3.410 V1_IPH_SQ_6.5.3_1_APP_A Pixel/750 Core/UIWebView NetType/2G Mem/117"
212.242.154.246 - - [07/Jun/2017:18:07:13 +0800] "GET login.cgi HTTP/1.0" 400 173 "-" "-"
209.126.136.4 - - [07/Jun/2017:18:14:39 +0800] "GET / HTTP/1.1" 404 233 "-" "Mozilla/5.0 (Windows NT 10.0; Win64; x64) AppleWebKit/537.36 (KHTML, like Gecko) Chrome/57.0.2987.133 Safari/537.36"
185.71.74.195 - - [07/Jun/2017:19:16:23 +0800] "GET login.cgi HTTP/1.0" 400 173 "-" "-"
114.33.92.216 - - [07/Jun/2017:19:49:54 +0800] "GET / HTTP/1.0" 404 233 "-" "-"
101.226.102.70 - - [07/Jun/2017:21:37:00 +0800] "GET / HTTP/1.1" 404 233 "-" "Mozilla/5.0 (iPhone; CPU iPhone OS 9_3_4 like Mac OS X) AppleWebKit/601.1.46 (KHTML, like Gecko) Mobile/13G35 QQ/6.5.3.410 V1_IPH_SQ_6.5.3_1_APP_A Pixel/750 Core/UIWebView NetType/2G Mem/117"
80.72.77.250 - - [07/Jun/2017:23:43:40 +0800] "GET / HTTP/1.1" 404 233 "-" "Wget/1.15 (linux-gnu)"
101.37.16.253 - - [07/Jun/2017:23:50:22 +0800] "GET / HTTP/1.0" 404 233 "-" "-"
80.82.78.38 - - [08/Jun/2017:00:59:07 +0800] "GET http://www.baidu.com/cache/global/img/gs.gif HTTP/1.1" 404 233 "-" "Mozilla"
122.114.169.76 - - [08/Jun/2017:01:32:06 +0800] "GET / HTTP/1.1" 404 233 "http://111.231.22.133:80" "Mozilla/4.0 (compatible; MSIE 9.0; Windows NT 6.1)"
119.23.127.40 - - [08/Jun/2017:02:25:39 +0800] "GET / HTTP/1.1" 404 233 "-" "-"
183.57.53.196 - - [08/Jun/2017:02:52:59 +0800] "GET / HTTP/1.1" 404 233 "-" "Mozilla/5.0 (iPhone; CPU iPhone OS 9_3_4 like Mac OS X) AppleWebKit/601.1.46 (KHTML, like Gecko) Mobile/13G35 QQ/6.5.3.410 V1_IPH_SQ_6.5.3_1_APP_A Pixel/750 Core/UIWebView NetType/2G Mem/117"
180.97.106.37 - - [08/Jun/2017:02:53:05 +0800] "HEAD http://180.163.113.82/check_proxy HTTP/1.1" 404 0 "-" "-"
37.59.253.230 - - [08/Jun/2017:04:36:24 +0800] "GET / HTTP/1.1" 404 233 "-" "Mozilla/5.0 (Windows NT 6.1; rv:31.0) Gecko/20100101 Firefox/31.0"
139.162.124.167 - - [08/Jun/2017:04:46:52 +0800] "GET / HTTP/1.1" 404 233 "-" "Mozilla/5.0"
222.88.37.66 - - [08/Jun/2017:05:48:27 +0800] "HEAD / HTTP/1.1" 404 0 "-" "curl/7.19.7 (x86_64-unknown-linux-gnu) libcurl/7.19.7 NSS/3.12.6.2 zlib/1.2.3 libidn/1.18 libssh2/1.2.2"
185.110.132.239 - - [08/Jun/2017:07:00:06 +0800] "GET / HTTP/1.1" 404 233 "-" "Scanbot"
183.57.53.177 - - [08/Jun/2017:07:58:01 +0800] "GET / HTTP/1.1" 404 233 "-" "Mozilla/5.0 (iPhone; CPU iPhone OS 9_3_4 like Mac OS X) AppleWebKit/601.1.46 (KHTML, like Gecko) Mobile/13G35 QQ/6.5.3.410 V1_IPH_SQ_6.5.3_1_APP_A Pixel/750 Core/UIWebView NetType/2G Mem/117"
183.225.31.140 - - [08/Jun/2017:11:36:44 +0800] "\x16\x03\x01\x00\x8C\x01\x00\x00\x88\x03\x03\xF9\xAAO\xDB\xCB.J\xC1rj<\xAB\x22\xFB\xF4\xE4\x0F\xB5r\x91\x8F\x13CK+\xD5\xC3\xA0\x92jr\x1D\x00\x00\x1A\xC0/\xC0+\xC0\x11\xC0\x07\xC0\x13\xC0\x09\xC0\x14\xC0" 400 173 "-" "-"
183.107.0.158 - - [08/Jun/2017:12:32:35 +0800] "GET / HTTP/1.0" 404 233 "-" "Mozilla/5.0 (compatible; MSIE 9.0; Windows NT 6.1; WOW64; Trident/5.0)"
180.97.106.161 - - [08/Jun/2017:12:47:09 +0800] "\x04\x01\x00P\xB4\xA3qR\x00" 400 173 "-" "-"
113.195.188.5 - - [08/Jun/2017:13:52:13 +0800] "GET /manager/html HTTP/1.1" 404 233 "-" "Mozilla/3.0 (compatible; Indy Library)"
180.97.106.37 - - [08/Jun/2017:15:19:32 +0800] "\x05\x02\x00\x02" 400 173 "-" "-"
163.172.173.62 - - [08/Jun/2017:16:16:57 +0800] "GET http://www.baidu.com/cache/global/img/gs.gif HTTP/1.1" 404 233 "-" "Mozilla"
185.141.24.205 - - [08/Jun/2017:16:50:08 +0800] "GET /userlogin/login.aspx HTTP/1.1" 404 233 "-" "-"
183.57.53.197 - - [08/Jun/2017:17:50:42 +0800] "GET /manager/html HTTP/1.1" 404 233 "-" "Mozilla/5.0 (iPhone; CPU iPhone OS 9_3_4 like Mac OS X) AppleWebKit/601.1.46 (KHTML, like Gecko) Mobile/13G35 QQ/6.5.3.410 V1_IPH_SQ_6.5.3_1_APP_A Pixel/750 Core/UIWebView NetType/2G Mem/117"
139.162.88.63 - - [08/Jun/2017:19:25:23 +0800] "GET http://clientapi.ipip.net/echo.php?info=1234567890 HTTP/1.1" 404 233 "-" "Go-http-client/1.1"
212.38.168.19 - - [08/Jun/2017:19:52:26 +0800] "GET /userlogin/login.aspx HTTP/1.1" 404 233 "-" "-"
80.82.78.38 - - [08/Jun/2017:23:44:28 +0800] "GET http://www.baidu.com/cache/global/img/gs.gif HTTP/1.1" 404 233 "-" "Mozilla"
139.162.124.167 - - [09/Jun/2017:00:40:42 +0800] "GET / HTTP/1.1" 404 233 "-" "Mozilla/5.0"
114.215.71.23 - - [09/Jun/2017:00:50:04 +0800] "GET / HTTP/1.0" 404 233 "-" "-"
222.186.56.40 - - [09/Jun/2017:09:28:19 +0800] "GET / HTTP/1.1" 404 233 "-" "python-requests/2.7.0 CPython/2.7.0 Windows/2003Server"
123.249.27.213 - - [09/Jun/2017:09:38:33 +0800] "GET / HTTP/1.1" 404 233 "-" "User-Agent:Mozilla/4.0 (compatible; MSIE 6.0; Windows NT 5.2; .NET CLR 1.0.3705"
123.249.27.213 - - [09/Jun/2017:09:38:33 +0800] "GET /index.action HTTP/1.1" 404 233 "-" "Mozilla/5.0 (Macintosh; Intel Mac OS X 10_12_3) AppleWebKit/537.36 (KHTML, like Gecko) Chrome/56.0.2924.87 Safari/537.36"
177.192.47.217 - - [09/Jun/2017:11:18:12 +0800] "GET /cgi/common.cgi HTTP/1.0" 404 233 "-" "Wget(linux)"
177.192.47.217 - - [09/Jun/2017:11:18:13 +0800] "GET /stssys.htm HTTP/1.0" 404 233 "-" "Wget(linux)"
177.192.47.217 - - [09/Jun/2017:11:18:14 +0800] "GET / HTTP/1.0" 404 233 "-" "Wget(linux)"
177.192.47.217 - - [09/Jun/2017:11:18:15 +0800] "POST /command.php HTTP/1.0" 404 233 "-" "Wget(linux)"
180.97.215.45 - - [09/Jun/2017:12:25:01 +0800] "GET / HTTP/1.1" 404 233 "-" "Mozilla/4.0 (compatible; MSIE 6.0; Windows NT 5.0)"
101.226.79.190 - - [09/Jun/2017:12:26:06 +0800] "GET /index.action HTTP/1.1" 404 233 "-" "Mozilla/5.0 (iPhone; CPU iPhone OS 9_3_4 like Mac OS X) AppleWebKit/601.1.46 (KHTML, like Gecko) Mobile/13G35 QQ/6.5.3.410 V1_IPH_SQ_6.5.3_1_APP_A Pixel/750 Core/UIWebView NetType/2G Mem/117"
183.57.53.197 - - [09/Jun/2017:13:21:44 +0800] "GET / HTTP/1.1" 404 233 "-" "Mozilla/5.0 (iPhone; CPU iPhone OS 9_3_4 like Mac OS X) AppleWebKit/601.1.46 (KHTML, like Gecko) Mobile/13G35 QQ/6.5.3.410 V1_IPH_SQ_6.5.3_1_APP_A Pixel/750 Core/UIWebView NetType/2G Mem/117"
125.25.203.64 - - [09/Jun/2017:13:52:57 +0800] "GET login.cgi HTTP/1.0" 400 173 "-" "-"
120.132.3.151 - - [09/Jun/2017:14:15:27 +0800] "\x04\x01\x00PpTi4\x00" 400 173 "-" "-"
120.132.3.151 - - [09/Jun/2017:14:15:27 +0800] "GET http://www.qq.com/404/search_children.js HTTP/1.1" 404 233 "-" "Mozilla/5.0 (X11; Linux x86_64) AppleWebKit/537.36 (KHTML, like Gecko) Chrome/35.0.1916.114 Safari/537.36"
120.132.3.151 - - [09/Jun/2017:14:15:27 +0800] "\x05\x01\x00" 400 173 "-" "-"
183.57.53.222 - - [09/Jun/2017:14:31:18 +0800] "GET /cgi/common.cgi HTTP/1.1" 404 233 "-" "Mozilla/5.0 (iPhone; CPU iPhone OS 9_3_4 like Mac OS X) AppleWebKit/601.1.46 (KHTML, like Gecko) Mobile/13G35 QQ/6.5.3.410 V1_IPH_SQ_6.5.3_1_APP_A Pixel/750 Core/UIWebView NetType/2G Mem/117"
119.136.146.122 - - [09/Jun/2017:16:04:05 +0800] "GET login.cgi HTTP/1.0" 400 173 "-" "-"
169.54.233.124 - - [09/Jun/2017:16:28:27 +0800] "GET / HTTP/1.0" 404 233 "-" "Mozilla/5.0 (Windows NT 6.1; rv:31.0) Gecko/20100101 Firefox/31.0"
118.190.88.57 - - [09/Jun/2017:16:40:37 +0800] "GET / HTTP/1.0" 404 233 "-" "-"
101.200.78.64 - - [09/Jun/2017:16:41:18 +0800] "GET / HTTP/1.1" 404 233 "-" "-"
139.162.124.167 - - [09/Jun/2017:17:12:53 +0800] "GET / HTTP/1.1" 404 233 "-" "Mozilla/5.0"
139.162.88.63 - - [09/Jun/2017:18:21:37 +0800] "GET http://clientapi.ipip.net/echo.php?info=1234567890 HTTP/1.1" 404 233 "-" "Go-http-client/1.1"
221.6.40.150 - - [09/Jun/2017:19:57:48 +0800] "GET /test HTTP/1.1" 200 1333 "-" "Mozilla/5.0 (Windows NT 6.3; Win64; x64) AppleWebKit/537.36 (KHTML, like Gecko) Chrome/58.0.3029.81 Safari/537.36"
221.6.40.150 - - [09/Jun/2017:19:57:48 +0800] "GET /static/jquery.min.js HTTP/1.1" 200 83135 "http://111.231.22.133/test" "Mozilla/5.0 (Windows NT 6.3; Win64; x64) AppleWebKit/537.36 (KHTML, like Gecko) Chrome/58.0.3029.81 Safari/537.36"
221.6.40.150 - - [09/Jun/2017:19:57:48 +0800] "POST /login HTTP/1.1" 200 44 "http://111.231.22.133/test" "Mozilla/5.0 (Windows NT 6.3; Win64; x64) AppleWebKit/537.36 (KHTML, like Gecko) Chrome/58.0.3029.81 Safari/537.36"
